Microchip MPLAB XC8 Compiler V2.32

Linker command line:

-W-3 --edf=C:\Program Files\Microchip\xc8\v2.32\pic\dat\en_msgs.txt -cn \
  -h+dist/default/production\p1-projeto.X.production.sym \
  --cmf=dist/default/production\p1-projeto.X.production.cmf -z -Q18F4520 \
  -oC:\Users\Marina\AppData\Local\Temp\xcAsjvc.4 --defsym=__MPLAB_BUILD=1 \
  -Mdist/default/production/p1-projeto.X.production.map -E1 \
  -ver=XC8 Compiler --acfsm=1493 -ASTACK=080h-05FFh -pstack=STACK \
  -ACODE=00h-07FFFh -ACONST=00h-07FFFh -ASMALLCONST=0600h-06FFhx122 \
  -AMEDIUMCONST=0600h-07FFFh -ACOMRAM=01h-07Fh -AABS1=00h-05FFh \
  -ABIGRAM=01h-05FFh -ARAM=080h-0FFh,0100h-01FFhx5 -ABANK0=080h-0FFh \
  -ABANK1=0100h-01FFh -ABANK2=0200h-02FFh -ABANK3=0300h-03FFh \
  -ABANK4=0400h-04FFh -ABANK5=0500h-05FFh -ASFR=0F80h-0FFFh \
  -ACONFIG=0300000h-030000Dh -AIDLOC=0200000h-0200007h \
  -AEEDATA=0F00000h-0F000FFh -peeprom_data=EEDATA \
  -preset_vec=00h,intcode,intcodelo,powerup,init -pramtop=0600h \
  -psmallconst=SMALLCONST -pmediumconst=MEDIUMCONST -pconst=CONST \
  -AFARRAM=00h-00h \
  -prdata=COMRAM,nvrram=COMRAM,nvbit=COMRAM,rbss=COMRAM,rbit=COMRAM \
  -pfarbss=FARRAM,fardata=FARRAM,nvFARRAM=FARRAM \
  -pintsave_regs=BIGRAM,bigbss=BIGRAM,bigdata=BIGRAM -pbss=RAM \
  -pidata=CODE,irdata=CODE,ibigdata=CODE,ifardata=CODE -prparam=COMRAM \
  C:\Users\Marina\AppData\Local\Temp\xcAsjvc.o \
  dist/default/production\p1-projeto.X.production.o 

Object code version is 3.11

Machine type is 18F4520



                Name                               Link     Load   Length Selector   Space Scale
C:\Users\Marina\AppData\Local\Temp\xcAsjvc.o
                idloc                            200000   200000        8        0       5
                config                           300000   300000        E        0       4
                init                                  0        0        4        0       0
dist/default/production\p1-projeto.X.production.o
                idloc                            200000   200000        8        0       5
                config                           300000   300000        E        0       4
                smallconst                          600      600       B8      300       0
                text22                              C24      C24      17A      35C       0
                text21                             1328     1328        A      35C       0
                text20                             131E     131E        A      35C       0
                text19                             107C     107C       64      35C       0
                text18                             1332     1332        8      35C       0
                text17                             124E     124E       2A      35C       0
                text16                             119C     119C       5C      35C       0
                text15                             1224     1224       2A      35C       0
                text14                             1004     1004       78      35C       0
                text13                              D9E      D9E      10C      35C       0
                text12                             1278     1278       26      35C       0
                text11                             12B8     12B8       1A      35C       0
                text10                             1308     1308        C      35C       0
                text9                              1314     1314        A      35C       0
                text8                              10E0     10E0       60      35C       0
                text7                               F82      F82       82      35C       0
                text6                              12F8     12F8       10      35C       0
                text5                              12E8     12E8       10      35C       0
                text4                              1140     1140       5C      35C       0
                text3                               EAA      EAA       D8      35C       0
                text2                              129E     129E       1A      35C       0
                text1                              11F8     11F8       2C      35C       0
                text0                               6B8      6B8      56C      35C       0
                cstackCOMRAM                          1        1       4E        1       1
                bssCOMRAM                            4F       4F       1B        1       1
                cinit                              12D2     12D2       16      35C       0

TOTAL           Name                               Link     Load   Length     Space
        CLASS   STACK          

        CLASS   CODE           
                init                                  0        0        4         0
                text22                              C24      C24      17A         0
                text21                             1328     1328        A         0
                text20                             131E     131E        A         0
                text19                             107C     107C       64         0
                text18                             1332     1332        8         0
                text17                             124E     124E       2A         0
                text16                             119C     119C       5C         0
                text15                             1224     1224       2A         0
                text14                             1004     1004       78         0
                text13                              D9E      D9E      10C         0
                text12                             1278     1278       26         0
                text11                             12B8     12B8       1A         0
                text10                             1308     1308        C         0
                text9                              1314     1314        A         0
                text8                              10E0     10E0       60         0
                text7                               F82      F82       82         0
                text6                              12F8     12F8       10         0
                text5                              12E8     12E8       10         0
                text4                              1140     1140       5C         0
                text3                               EAA      EAA       D8         0
                text2                              129E     129E       1A         0
                text1                              11F8     11F8       2C         0
                text0                               6B8      6B8      56C         0
                cinit                              12D2     12D2       16         0

        CLASS   CONST          

        CLASS   SMALLCONST     
                smallconst                          600      600       B8         0

        CLASS   MEDIUMCONST    

        CLASS   COMRAM         
                cstackCOMRAM                          1        1       4E         1
                bssCOMRAM                            4F       4F       1B         1

        CLASS   ABS1           

        CLASS   BIGRAM         

        CLASS   RAM            

        CLASS   BANK0          

        CLASS   BANK1          

        CLASS   BANK2          

        CLASS   BANK3          

        CLASS   BANK4          

        CLASS   BANK5          

        CLASS   SFR            

        CLASS   CONFIG         
                config                           300000   300000        E         4

        CLASS   IDLOC          
                idloc                            200000   200000        8         5

        CLASS   EEDATA         

        CLASS   FARRAM         



SEGMENTS        Name                           Load    Length   Top    Selector   Space  Class

                reset_vec                      000000  000004  000004         0       0  CODE    
                cstackCOMRAM                   000001  000069  00006A         1       1  COMRAM  
                smallconst                     000600  0000B8  0006B8       300       0  SMALLCON
                text0                          0006B8  000C82  00133A       35C       0  CODE    


UNUSED ADDRESS RANGES

        Name                Unused          Largest block    Delta
        BANK0            000080-0000FF               80
        BANK1            000100-0001FF              100
        BANK2            000200-0002FF              100
        BANK3            000300-0003FF              100
        BANK4            000400-0004FF              100
        BANK5            000500-0005FF              100
        BIGRAM           00006A-0005FF              596
        CODE             000004-0005FF              5FC
                         00133A-007FFF             6CC6
        COMRAM           00006A-00007F               16
        CONST            000004-0005FF              5FC
                         00133A-007FFF             6CC6
        EEDATA           F00000-F000FF              100
        MEDIUMCONST      00133A-007FFF             6CC6
        RAM              000080-0005FF              100
        SFR              000F80-000FFF               80
        SMALLCONST       00133A-007FFF              100
        STACK            000080-0005FF              580

                                  Symbol Table

?___aldiv                cstackCOMRAM 000001
?_kpRead                 cstackCOMRAM 000001
_ADCON1                  (abs)        000FC1
_BAUDCON                 (abs)        000FB8
_CCP1CON                 (abs)        000FBD
_CCPR1L                  (abs)        000FBE
_PIR1                    (abs)        000F9E
_PORTA                   (abs)        000F80
_PORTB                   (abs)        000F81
_PORTC                   (abs)        000F82
_PORTCbits               (abs)        000F82
_PORTD                   (abs)        000F83
_PORTE                   (abs)        000F84
_PORTEbits               (abs)        000F84
_PR2                     (abs)        000FCB
_RCREG                   (abs)        000FAE
_RCSTA                   (abs)        000FAB
_SPBRG                   (abs)        000FAF
_SPBRGH                  (abs)        000FB0
_T2CON                   (abs)        000FCA
_TRISA                   (abs)        000F92
_TRISB                   (abs)        000F93
_TRISC                   (abs)        000F94
_TRISCbits               (abs)        000F94
_TRISD                   (abs)        000F95
_TRISE                   (abs)        000F96
_TXREG                   (abs)        000FAD
_TXSTA                   (abs)        000FAC
__HRAM                   (abs)        000000
__Habs1                  abs1         000000
__Hbank0                 bank0        000000
__Hbank1                 bank1        000000
__Hbank2                 bank2        000000
__Hbank3                 bank3        000000
__Hbank4                 bank4        000000
__Hbank5                 bank5        000000
__Hbigbss                bigbss       000000
__Hbigdata               bigdata      000000
__Hbigram                bigram       000000
__Hbss                   bss          000000
__HbssCOMRAM             bssCOMRAM    000000
__Hcinit                 cinit        000000
__Hclrtext               clrtext      000000
__Hcomram                comram       000000
__Hconfig                config       30000E
__Hconst                 const        000000
__HcstackCOMRAM          cstackCOMRAM 000000
__Hdata                  data         000000
__Heeprom_data           eeprom_data  000000
__Hfarbss                farbss       000000
__Hfardata               fardata      000000
__Hibigdata              ibigdata     000000
__Hidata                 idata        000000
__Hidloc                 idloc        200008
__Hifardata              ifardata     000000
__Hinit                  init         000004
__Hintcode               intcode      000000
__Hintcode_body          intcode_body 000000
__Hintcodelo             intcodelo    000000
__Hintentry              intentry     000000
__Hintret                intret       000000
__Hintsave_regs          intsave_regs 000000
__Hirdata                irdata       000000
__Hmediumconst           mediumconst  000000
__HnvFARRAM              nvFARRAM     000000
__Hnvbit                 nvbit        000000
__Hnvrram                nvrram       000000
__Hparam                 rparam       000000
__Hpowerup               powerup      000000
__Hram                   ram          000000
__Hramtop                ramtop       000600
__Hrbit                  rbit         000000
__Hrbss                  rbss         000000
__Hrdata                 rdata        000000
__Hreset_vec             reset_vec    000000
__Hrparam                rparam       000000
__Hsfr                   sfr          000000
__Hsmallconst            smallconst   0006B8
__Hspace_0               (abs)        00133A
__Hspace_1               (abs)        00006A
__Hspace_2               (abs)        000000
__Hspace_4               (abs)        60000E
__Hstack                 stack        000000
__Hstruct                struct       000000
__Htemp                  temp         000000
__Htext                  text         000000
__Htext0                 text0        000000
__Htext1                 text1        000000
__Htext10                text10       000000
__Htext11                text11       000000
__Htext12                text12       000000
__Htext13                text13       000000
__Htext14                text14       000000
__Htext15                text15       000000
__Htext16                text16       000000
__Htext17                text17       000000
__Htext18                text18       000000
__Htext19                text19       000000
__Htext2                 text2        000000
__Htext20                text20       000000
__Htext21                text21       000000
__Htext22                text22       000000
__Htext3                 text3        000000
__Htext4                 text4        000000
__Htext5                 text5        000000
__Htext6                 text6        000000
__Htext7                 text7        000000
__Htext8                 text8        000000
__Htext9                 text9        000000
__LRAM                   (abs)        000001
__Labs1                  abs1         000000
__Lbank0                 bank0        000000
__Lbank1                 bank1        000000
__Lbank2                 bank2        000000
__Lbank3                 bank3        000000
__Lbank4                 bank4        000000
__Lbank5                 bank5        000000
__Lbigbss                bigbss       000000
__Lbigdata               bigdata      000000
__Lbigram                bigram       000000
__Lbss                   bss          000000
__LbssCOMRAM             bssCOMRAM    000000
__Lcinit                 cinit        000000
__Lclrtext               clrtext      000000
__Lcomram                comram       000000
__Lconfig                config       000000
__Lconst                 const        000000
__LcstackCOMRAM          cstackCOMRAM 000000
__Ldata                  data         000000
__Leeprom_data           eeprom_data  000000
__Lfarbss                farbss       000000
__Lfardata               fardata      000000
__Libigdata              ibigdata     000000
__Lidata                 idata        000000
__Lidloc                 idloc        000000
__Lifardata              ifardata     000000
__Linit                  init         000000
__Lintcode               intcode      000000
__Lintcode_body          intcode_body 000000
__Lintcodelo             intcodelo    000000
__Lintentry              intentry     000000
__Lintret                intret       000000
__Lintsave_regs          intsave_regs 000000
__Lirdata                irdata       000000
__Lmediumconst           mediumconst  000000
__LnvFARRAM              nvFARRAM     000000
__Lnvbit                 nvbit        000000
__Lnvrram                nvrram       000000
__Lparam                 rparam       000000
__Lpowerup               powerup      000000
__Lram                   ram          000000
__Lramtop                ramtop       000600
__Lrbit                  rbit         000000
__Lrbss                  rbss         000000
__Lrdata                 rdata        000000
__Lreset_vec             reset_vec    000000
__Lrparam                rparam       000000
__Lsfr                   sfr          000000
__Lsmallconst            smallconst   000600
__Lspace_0               (abs)        000000
__Lspace_1               (abs)        000000
__Lspace_2               (abs)        000000
__Lspace_4               (abs)        000000
__Lstack                 stack        000000
__Lstruct                struct       000000
__Ltemp                  temp         000000
__Ltext                  text         000000
__Ltext0                 text0        000000
__Ltext1                 text1        000000
__Ltext10                text10       000000
__Ltext11                text11       000000
__Ltext12                text12       000000
__Ltext13                text13       000000
__Ltext14                text14       000000
__Ltext15                text15       000000
__Ltext16                text16       000000
__Ltext17                text17       000000
__Ltext18                text18       000000
__Ltext19                text19       000000
__Ltext2                 text2        000000
__Ltext20                text20       000000
__Ltext21                text21       000000
__Ltext22                text22       000000
__Ltext3                 text3        000000
__Ltext4                 text4        000000
__Ltext5                 text5        000000
__Ltext6                 text6        000000
__Ltext7                 text7        000000
__Ltext8                 text8        000000
__Ltext9                 text9        000000
__S0                     (abs)        00133A
__S1                     (abs)        00006A
__S2                     (abs)        000000
__S4                     (abs)        000000
__S5                     (abs)        000000
___aldiv                 text13       000D9E
___aldiv@counter         cstackCOMRAM 000009
___aldiv@dividend        cstackCOMRAM 000001
___aldiv@divisor         cstackCOMRAM 000005
___aldiv@quotient        cstackCOMRAM 00000B
___aldiv@sign            cstackCOMRAM 00000A
___inthi_sp              stack        000000
___intlo_sp              stack        000000
___param_bank            (abs)        000000
___rparam_used           (abs)        000001
___sp                    stack        000000
__accesstop              (abs)        000080
__activetblptr           (abs)        000002
__end_of___aldiv         text13       000EAA
__end_of__initialization cinit        0012DE
__end_of_atraso_ms       text19       0010E0
__end_of_delay           text8        001140
__end_of_getd            text10       001314
__end_of_getu            text9        00131E
__end_of_i2c_rb          text7        001004
__end_of_i2c_start       text6        001308
__end_of_i2c_stop        text5        0012F8
__end_of_i2c_wb          text4        00119C
__end_of_kpDebounce      text22       000D9E
__end_of_kpInit          text21       001332
__end_of_kpRead          text20       001328
__end_of_lcd_cmd         text17       001278
__end_of_lcd_dat         text15       00124E
__end_of_lcd_init        text16       0011F8
__end_of_lcd_str         text14       00107C
__end_of_lcd_wr          text18       00133A
__end_of_main            text0        000C24
__end_of_pwmFrequency    text12       00129E
__end_of_pwmInit         text11       0012D2
__end_of_rtc_r           text3        000F82
__end_of_serialInit      text2        0012B8
__end_of_serialRead      text1        001224
__initialization         cinit        0012D2
__mediumconst            mediumconst  000000
__pbssCOMRAM             bssCOMRAM    00004F
__pcinit                 cinit        0012D2
__pcstackCOMRAM          cstackCOMRAM 000001
__psmallconst            smallconst   000600
__ptext0                 text0        0006B8
__ptext1                 text1        0011F8
__ptext10                text10       001308
__ptext11                text11       0012B8
__ptext12                text12       001278
__ptext13                text13       000D9E
__ptext14                text14       001004
__ptext15                text15       001224
__ptext16                text16       00119C
__ptext17                text17       00124E
__ptext18                text18       001332
__ptext19                text19       00107C
__ptext2                 text2        00129E
__ptext20                text20       00131E
__ptext21                text21       001328
__ptext22                text22       000C24
__ptext3                 text3        000EAA
__ptext4                 text4        001140
__ptext5                 text5        0012E8
__ptext6                 text6        0012F8
__ptext7                 text7        000F82
__ptext8                 text8        0010E0
__ptext9                 text9        001314
__ramtop                 ramtop       000600
__size_of___aldiv        (abs)        000000
__size_of_atraso_ms      (abs)        000000
__size_of_delay          (abs)        000000
__size_of_getd           (abs)        000000
__size_of_getu           (abs)        000000
__size_of_i2c_rb         (abs)        000000
__size_of_i2c_start      (abs)        000000
__size_of_i2c_stop       (abs)        000000
__size_of_i2c_wb         (abs)        000000
__size_of_kpDebounce     (abs)        000000
__size_of_kpInit         (abs)        000000
__size_of_kpRead         (abs)        000000
__size_of_lcd_cmd        (abs)        000000
__size_of_lcd_dat        (abs)        000000
__size_of_lcd_init       (abs)        000000
__size_of_lcd_str        (abs)        000000
__size_of_lcd_wr         (abs)        000000
__size_of_main           (abs)        000000
__size_of_pwmFrequency   (abs)        000000
__size_of_pwmInit        (abs)        000000
__size_of_rtc_r          (abs)        000000
__size_of_serialInit     (abs)        000000
__size_of_serialRead     (abs)        000000
__smallconst             smallconst   000600
_atraso_ms               text19       00107C
_date                    bssCOMRAM    000060
_delay                   text8        0010E0
_getd                    text10       001308
_getu                    text9        001314
_i2c_rb                  text7        000F82
_i2c_start               text6        0012F8
_i2c_stop                text5        0012E8
_i2c_wb                  text4        001140
_kpDebounce              text22       000C24
_kpInit                  text21       001328
_kpRead                  text20       00131E
_lcd_cmd                 text17       00124E
_lcd_dat                 text15       001224
_lcd_init                text16       00119C
_lcd_str                 text14       001004
_lcd_wr                  text18       001332
_main                    text0        0006B8
_pwmFrequency            text12       001278
_pwmInit                 text11       0012B8
_rtc_r                   text3        000EAA
_serialInit              text2        00129E
_serialRead              text1        0011F8
_time                    bssCOMRAM    00004F
_valor                   bssCOMRAM    00005D
atraso_ms@i              cstackCOMRAM 000003
atraso_ms@j              cstackCOMRAM 000005
atraso_ms@k              cstackCOMRAM 000006
atraso_ms@valor          cstackCOMRAM 000001
delay@i                  cstackCOMRAM 000001
delay@j                  cstackCOMRAM 000003
delay@k                  cstackCOMRAM 000004
end_of_initialization    cinit        0012DE
getd@nn                  cstackCOMRAM 000001
getu@nn                  cstackCOMRAM 000001
i2c_rb@ack               cstackCOMRAM 000007
i2c_rb@i                 cstackCOMRAM 000009
i2c_rb@ret               cstackCOMRAM 000008
i2c_wb@i                 cstackCOMRAM 000008
i2c_wb@val               cstackCOMRAM 000007
intlevel0                text         000000
intlevel1                text         000000
intlevel2                text         000000
intlevel3                text         000000
isa$std                  (abs)        000001
isa$xinst                (abs)        000000
kpDebounce@i             cstackCOMRAM 00000A
kpDebounce@j             cstackCOMRAM 000009
kpDebounce@k             cstackCOMRAM 000007
kpDebounce@old_D         cstackCOMRAM 000006
kpDebounce@tempo         bssCOMRAM    00005F
kpDebounce@valorAntigo   bssCOMRAM    000059
kpDebounce@valorNovo     bssCOMRAM    00005B
lcd_cmd@val              cstackCOMRAM 000007
lcd_dat@val              cstackCOMRAM 000007
lcd_str@i                cstackCOMRAM 00000C
lcd_str@str              cstackCOMRAM 000008
lcd_wr@val               cstackCOMRAM 000001
main@atmp                cstackCOMRAM 000012
main@btmp                cstackCOMRAM 000020
main@cont                cstackCOMRAM 00004B
main@ctmp                cstackCOMRAM 00002E
main@i                   cstackCOMRAM 00004E
main@k                   cstackCOMRAM 00004A
main@tecla               cstackCOMRAM 00004C
main@tmp                 cstackCOMRAM 00003C
pwmFrequency@freq        cstackCOMRAM 00000F
rtc_r@tmp                cstackCOMRAM 00000A
serialRead@resp          cstackCOMRAM 000001
stackhi                  (abs)        0005FF
stacklo                  (abs)        000080
start                    init         000000
start_initialization     cinit        0012D2


MODULE INFORMATION

Module		Function		Class		Link	Load	Size
serial.c
		_serialInit    		CODE           	129E	0000	26
		_serialRead    		CODE           	11F8	0000	44

serial.c estimated size: 70

C:\Program Files\Microchip\xc8\v2.32\pic\sources\c99\common\aldiv.c
		___aldiv       		CODE           	0D9E	0000	268

C:\Program Files\Microchip\xc8\v2.32\pic\sources\c99\common\aldiv.c estimated size: 268

rtc_r.c
		_getu          		CODE           	1314	0000	10
		_rtc_r         		CODE           	0EAA	0000	216
		_getd          		CODE           	1308	0000	12

rtc_r.c estimated size: 238

keypad.c
		_kpInit        		CODE           	1328	0000	10
		_kpDebounce    		CODE           	0C24	0000	378
		_kpRead        		CODE           	131E	0000	10

keypad.c estimated size: 398

i2c.c
		_i2c_rb        		CODE           	0F82	0000	130
		_delay         		CODE           	10E0	0000	96
		_i2c_start     		CODE           	12F8	0000	16
		_i2c_stop      		CODE           	12E8	0000	16
		_i2c_wb        		CODE           	1140	0000	92

i2c.c estimated size: 350

pwm.c
		_pwmInit       		CODE           	12B8	0000	26
		_pwmFrequency  		CODE           	1278	0000	38

pwm.c estimated size: 64

atraso.c
		_atraso_ms     		CODE           	107C	0000	100

atraso.c estimated size: 100

shared
		__initialization		CODE           	12D2	0000	12

shared estimated size: 12

lcd.c
		_lcd_cmd       		CODE           	124E	0000	42
		_lcd_dat       		CODE           	1224	0000	42
		_lcd_wr        		CODE           	1332	0000	8
		_lcd_str       		CODE           	1004	0000	120
		_lcd_init      		CODE           	119C	0000	92

lcd.c estimated size: 304

main.c
		_main          		CODE           	06B8	0000	1388

main.c estimated size: 1388

